   Γû▓ Next.js 15.5.9

   Creating an optimized production build ...
node.exe : (node:10056) ExperimentalWarning: Type Stripping is an experimental 
feature and might change at any time
At C:\nvm4w\nodejs\npx.ps1:29 char:3
+   & $NODE_EXE $NPX_CLI_JS $args
+   ~~~~~~~~~~~~~~~~~~~~~~~~~~~~~
    + CategoryInfo          : NotSpecified: ((node:10056) Ex...nge at any time 
   :String) [], RemoteException
    + FullyQualifiedErrorId : NativeCommandError
 
(Use `node --trace-warnings ...` to show where the warning was created)
 Γ£ô Compiled successfully in 36.6s
   Linting and checking validity of types ...
